// Jest Snapshot v1, https://goo.gl/fbAQLP

exports[`ProductItem component testing renders correctly 1`] = `
<View
  style={
    {
      "borderWidth": 1,
      "marginHorizontal": 20,
      "marginVertical": 10,
      "padding": 20,
    }
  }
>
  <View
    style={
      {
        "alignItems": "center",
      }
    }
  >
    <View
      style={
        [
          {
            "overflow": "hidden",
          },
          {
            "height": 500,
            "width": 280,
          },
        ]
      }
    >
      <FastImageView
        defaultSource={null}
        resizeMode="contain"
        source={
          {
            "priority": "normal",
            "uri": "http://cdn-img.prettylittlething.com/9/0/a/a/90aa90903a135ee59594f47c7685aa7ef3046e44_cly8063_1.jpg?imwidth=1024",
          }
        }
        style={
          {
            "bottom": 0,
            "left": 0,
            "position": "absolute",
            "right": 0,
            "top": 0,
          }
        }
      />
    </View>
  </View>
  <View
    style={
      {
        "borderTopColor": "black",
        "borderTopWidth": 1,
        "marginTop": 20,
        "paddingTop": 15,
      }
    }
  >
    <View
      style={
        {
          "flexDirection": "row",
        }
      }
    >
      <Text
        style={
          {
            "marginBottom": 5,
            "width": 60,
          }
        }
      >
        Name: 
      </Text>
      <Text
        style={
          {
            "width": "75%",
          }
        }
      >
        Black Sheet Strappy Textured Glitter Bodycon Dress
      </Text>
    </View>
    <View
      style={
        {
          "flexDirection": "row",
        }
      }
    >
      <Text
        style={
          {
            "marginBottom": 5,
            "width": 60,
          }
        }
      >
        Price: 
      </Text>
      <Text
        style={
          {
            "width": "75%",
          }
        }
      >
        10
      </Text>
    </View>
    <View
      style={
        {
          "flexDirection": "row",
        }
      }
    >
      <Text
        style={
          {
            "marginBottom": 5,
            "width": 60,
          }
        }
      >
        Colour: 
      </Text>
      <Text
        style={
          {
            "width": "75%",
          }
        }
      >
        Black
      </Text>
    </View>
  </View>
  <View
    style={
      {
        "height": 20,
      }
    }
  />
  <View
    style={
      {
        "alignItems": "flex-end",
      }
    }
  >
    <View
      accessibilityState={
        {
          "busy": undefined,
          "checked": undefined,
          "disabled": undefined,
          "expanded": undefined,
          "selected": undefined,
        }
      }
      accessibilityValue={
        {
          "max": undefined,
          "min": undefined,
          "now": undefined,
          "text": undefined,
        }
      }
      accessible={true}
      collapsable={false}
      focusable={true}
      onBlur={[Function]}
      onClick={[Function]}
      onFocus={[Function]}
      onResponderGrant={[Function]}
      onResponderMove={[Function]}
      onResponderRelease={[Function]}
      onResponderTerminate={[Function]}
      onResponderTerminationRequest={[Function]}
      onStartShouldSetResponder={[Function]}
      style={
        {
          "backgroundColor": "yellow",
          "borderColor": "black",
          "borderWidth": 1,
          "height": 40,
          "justifyContent": "center",
          "paddingHorizontal": 20,
          "position": "relative",
          "width": 120,
        }
      }
      testID="add-to-cart"
    >
      <Text
        style={
          {
            "textAlign": "center",
          }
        }
      >
        Add to Cart
      </Text>
    </View>
  </View>
</View>
`;

exports[`ProductItem component testing should add product to cart 1`] = `
<View
  style={
    {
      "borderWidth": 1,
      "marginHorizontal": 20,
      "marginVertical": 10,
      "padding": 20,
    }
  }
>
  <View
    style={
      {
        "alignItems": "center",
      }
    }
  >
    <View
      style={
        [
          {
            "overflow": "hidden",
          },
          {
            "height": 500,
            "width": 280,
          },
        ]
      }
    >
      <FastImageView
        defaultSource={null}
        resizeMode="contain"
        source={
          {
            "priority": "normal",
            "uri": "http://cdn-img.prettylittlething.com/9/0/a/a/90aa90903a135ee59594f47c7685aa7ef3046e44_cly8063_1.jpg?imwidth=1024",
          }
        }
        style={
          {
            "bottom": 0,
            "left": 0,
            "position": "absolute",
            "right": 0,
            "top": 0,
          }
        }
      />
    </View>
  </View>
  <View
    style={
      {
        "borderTopColor": "black",
        "borderTopWidth": 1,
        "marginTop": 20,
        "paddingTop": 15,
      }
    }
  >
    <View
      style={
        {
          "flexDirection": "row",
        }
      }
    >
      <Text
        style={
          {
            "marginBottom": 5,
            "width": 60,
          }
        }
      >
        Name: 
      </Text>
      <Text
        style={
          {
            "width": "75%",
          }
        }
      >
        Black Sheet Strappy Textured Glitter Bodycon Dress
      </Text>
    </View>
    <View
      style={
        {
          "flexDirection": "row",
        }
      }
    >
      <Text
        style={
          {
            "marginBottom": 5,
            "width": 60,
          }
        }
      >
        Price: 
      </Text>
      <Text
        style={
          {
            "width": "75%",
          }
        }
      >
        10
      </Text>
    </View>
    <View
      style={
        {
          "flexDirection": "row",
        }
      }
    >
      <Text
        style={
          {
            "marginBottom": 5,
            "width": 60,
          }
        }
      >
        Colour: 
      </Text>
      <Text
        style={
          {
            "width": "75%",
          }
        }
      >
        Black
      </Text>
    </View>
  </View>
  <View
    style={
      {
        "height": 20,
      }
    }
  />
  <View
    style={
      {
        "alignItems": "flex-end",
      }
    }
  >
    <View
      accessibilityState={
        {
          "busy": undefined,
          "checked": undefined,
          "disabled": undefined,
          "expanded": undefined,
          "selected": undefined,
        }
      }
      accessibilityValue={
        {
          "max": undefined,
          "min": undefined,
          "now": undefined,
          "text": undefined,
        }
      }
      accessible={true}
      collapsable={false}
      focusable={true}
      onBlur={[Function]}
      onClick={[Function]}
      onFocus={[Function]}
      onResponderGrant={[Function]}
      onResponderMove={[Function]}
      onResponderRelease={[Function]}
      onResponderTerminate={[Function]}
      onResponderTerminationRequest={[Function]}
      onStartShouldSetResponder={[Function]}
      style={
        {
          "backgroundColor": "yellow",
          "borderColor": "black",
          "borderWidth": 1,
          "height": 40,
          "justifyContent": "center",
          "paddingHorizontal": 20,
          "position": "relative",
          "width": 120,
        }
      }
      testID="add-to-cart"
    >
      <Text
        style={
          {
            "textAlign": "center",
          }
        }
      >
        Add to Cart
      </Text>
    </View>
  </View>
</View>
`;
